nohup: ignoring input
VIDIOC_QUERYCTRL: Input/output error
VIDIOC_QUERYCTRL: Input/output error
VIDIOC_QUERYCTRL: Input/output error
VIDIOC_QUERYCTRL: Input/output error
('Got Image ', 0)
('Got Image ', 1)
('Got Image ', 2)
('Got Image ', 3)
('Got Image ', 4)
('Got Image ', 5)
('Got Image ', 6)
('Got Image ', 7)
('Got Image ', 8)
('Got Image ', 9)
('Got Image ', 10)
('Got Image ', 11)
('Got Image ', 12)
('Got Image ', 13)
('Got Image ', 14)
('Got Image ', 15)
('Got Image ', 16)
('Got Image ', 17)
('Got Image ', 18)
('Got Image ', 19)
('Got Image ', 20)
('Got Image ', 21)
('Got Image ', 22)
('Got Image ', 23)
('Got Image ', 24)
('Got Image ', 25)
('Got Image ', 26)
('Got Image ', 27)
('Got Image ', 28)
('Got Image ', 29)
('Got Image ', 30)
('Got Image ', 31)
('Got Image ', 32)
('Got Image ', 33)
('Got Image ', 34)
('Got Image ', 35)
('Got Image ', 36)
('Got Image ', 37)
('Got Image ', 38)
('Got Image ', 39)
('Got Image ', 40)
('Got Image ', 41)
('Got Image ', 42)
('Got Image ', 43)
('Got Image ', 44)
('Got Image ', 45)
('Got Image ', 46)
('Got Image ', 47)
('Got Image ', 48)
('Got Image ', 49)
('Got Image ', 50)
('Got Image ', 51)
('Got Image ', 52)
('Got Image ', 53)
('Got Image ', 54)
('Got Image ', 55)
('Got Image ', 56)
('Got Image ', 57)
('Got Image ', 58)
('Got Image ', 59)
('Got Image ', 60)
('Got Image ', 61)
('Got Image ', 62)
('Got Image ', 63)
('Got Image ', 64)
('Got Image ', 65)
('Got Image ', 66)
('Got Image ', 67)
('Got Image ', 68)
('Got Image ', 69)
('Got Image ', 70)
('Got Image ', 71)
('Got Image ', 72)
('Got Image ', 73)
('Got Image ', 74)
('Got Image ', 75)
('Got Image ', 76)
('Got Image ', 77)
('Got Image ', 78)
('Got Image ', 79)
('Got Image ', 80)
('Got Image ', 81)
('Got Image ', 82)
('Got Image ', 83)
('Got Image ', 84)
('Got Image ', 85)
('Got Image ', 86)
('Got Image ', 87)
('Got Image ', 88)
('Got Image ', 89)
('Got Image ', 90)
('Got Image ', 91)
('Got Image ', 92)
('Got Image ', 93)
('Got Image ', 94)
('Got Image ', 95)
('Got Image ', 96)
('Got Image ', 97)
('Got Image ', 98)
('Got Image ', 99)
('Got Image ', 100)
('Got Image ', 101)
('Got Image ', 102)
('Got Image ', 103)
('Got Image ', 104)
('Got Image ', 105)
('Got Image ', 106)
('Got Image ', 107)
('Got Image ', 108)
('Got Image ', 109)
('Got Image ', 110)
('Got Image ', 111)
('Got Image ', 112)
('Got Image ', 113)
('Got Image ', 114)
('Got Image ', 115)
('Got Image ', 116)
('Got Image ', 117)
('Got Image ', 118)
('Got Image ', 119)
('Got Image ', 120)
('Got Image ', 121)
('Got Image ', 122)
('Got Image ', 123)
('Got Image ', 124)
('Got Image ', 125)
('Got Image ', 126)
('Got Image ', 127)
('Got Image ', 128)
('Got Image ', 129)
('Got Image ', 130)
('Got Image ', 131)
('Got Image ', 132)
('Got Image ', 133)
('Got Image ', 134)
('Got Image ', 135)
('Got Image ', 136)
('Got Image ', 137)
('Got Image ', 138)
('Got Image ', 139)
('Got Image ', 140)
('Got Image ', 141)
('Got Image ', 142)
('Got Image ', 143)
('Got Image ', 144)
('Got Image ', 145)
('Got Image ', 146)
('Got Image ', 147)
('Got Image ', 148)
('Got Image ', 149)
('Got Image ', 150)
('Got Image ', 151)
('Got Image ', 152)
('Got Image ', 153)
('Got Image ', 154)
('Got Image ', 155)
('Got Image ', 156)
('Got Image ', 157)
('Got Image ', 158)
('Got Image ', 159)
('Got Image ', 160)
('Got Image ', 161)
('Got Image ', 162)
('Got Image ', 163)
('Got Image ', 164)
('Got Image ', 165)
('Got Image ', 166)
('Got Image ', 167)
('Got Image ', 168)
('Got Image ', 169)
('Got Image ', 170)
('Got Image ', 171)
('Got Image ', 172)
('Got Image ', 173)
('Got Image ', 174)
('Got Image ', 175)
('Got Image ', 176)
('Got Image ', 177)
('Got Image ', 178)
('Got Image ', 179)
('Got Image ', 180)
('Got Image ', 181)
('Got Image ', 182)
('Got Image ', 183)
('Got Image ', 184)
('Got Image ', 185)
('Got Image ', 186)
('Got Image ', 187)
('Got Image ', 188)
('Got Image ', 189)
('Got Image ', 190)
('Got Image ', 191)
('Got Image ', 192)
('Got Image ', 193)
('Got Image ', 194)
('Got Image ', 195)
('Got Image ', 196)
('Got Image ', 197)
('Got Image ', 198)
('Got Image ', 199)
('Got Image ', 200)
('Got Image ', 201)
('Got Image ', 202)
('Got Image ', 203)
('Got Image ', 204)
('Got Image ', 205)
('Got Image ', 206)
('Got Image ', 207)
('Got Image ', 208)
('Got Image ', 209)
('Got Image ', 210)
('Got Image ', 211)
('Got Image ', 212)
('Got Image ', 213)
('Got Image ', 214)
('Got Image ', 215)
('Got Image ', 216)
('Got Image ', 217)
('Got Image ', 218)
('Got Image ', 219)
('Got Image ', 220)
('Got Image ', 221)
('Got Image ', 222)
('Got Image ', 223)
('Got Image ', 224)
('Got Image ', 225)
('Got Image ', 226)
('Got Image ', 227)
('Got Image ', 228)
('Got Image ', 229)
('Got Image ', 230)
('Got Image ', 231)
('Got Image ', 232)
('Got Image ', 233)
('Got Image ', 234)
('Got Image ', 235)
('Got Image ', 236)
('Got Image ', 237)
('Got Image ', 238)
('Got Image ', 239)
('Got Image ', 240)
('Got Image ', 241)
('Got Image ', 242)
('Got Image ', 243)
('Got Image ', 244)
('Got Image ', 245)
('Got Image ', 246)
('Got Image ', 247)
('Got Image ', 248)
('Got Image ', 249)
('Got Image ', 250)
('Got Image ', 251)
('Got Image ', 252)
('Got Image ', 253)
('Got Image ', 254)
('Got Image ', 255)
('Got Image ', 256)
('Got Image ', 257)
('Got Image ', 258)
('Got Image ', 259)
('Got Image ', 260)
('Got Image ', 261)
('Got Image ', 262)
('Got Image ', 263)
('Got Image ', 264)
('Got Image ', 265)
('Got Image ', 266)
('Got Image ', 267)
('Got Image ', 268)
('Got Image ', 269)
('Got Image ', 270)
('Got Image ', 271)
('Got Image ', 272)
('Got Image ', 273)
('Got Image ', 274)
('Got Image ', 275)
('Got Image ', 276)
('Got Image ', 277)
('Got Image ', 278)
('Got Image ', 279)
('Got Image ', 280)
('Got Image ', 281)
('Got Image ', 282)
('Got Image ', 283)
('Got Image ', 284)
('Got Image ', 285)
('Got Image ', 286)
('Got Image ', 287)
('Got Image ', 288)
('Got Image ', 289)
('Got Image ', 290)
('Got Image ', 291)
('Got Image ', 292)
('Got Image ', 293)
('Got Image ', 294)
('Got Image ', 295)
('Got Image ', 296)
('Got Image ', 297)
('Got Image ', 298)
('Got Image ', 299)
('Got Image ', 300)
('Got Image ', 301)
('Got Image ', 302)
('Got Image ', 303)
('Got Image ', 304)
('Got Image ', 305)
('Got Image ', 306)
('Got Image ', 307)
('Got Image ', 308)
('Got Image ', 309)
('Got Image ', 310)
('Got Image ', 311)
('Got Image ', 312)
('Got Image ', 313)
('Got Image ', 314)
('Got Image ', 315)
('Got Image ', 316)
('Got Image ', 317)
('Got Image ', 318)
('Got Image ', 319)
('Got Image ', 320)
('Got Image ', 321)
('Got Image ', 322)
('Got Image ', 323)
('Got Image ', 324)
('Got Image ', 325)
('Got Image ', 326)
('Got Image ', 327)
('Got Image ', 328)
('Got Image ', 329)
('Got Image ', 330)
('Got Image ', 331)
('Got Image ', 332)
('Got Image ', 333)
('Got Image ', 334)
('Got Image ', 335)
('Got Image ', 336)
('Got Image ', 337)
('Got Image ', 338)
('Got Image ', 339)
('Got Image ', 340)
('Got Image ', 341)
('Got Image ', 342)
('Got Image ', 343)
('Got Image ', 344)
('Got Image ', 345)
('Got Image ', 346)
('Got Image ', 347)
('Got Image ', 348)
('Got Image ', 349)
('Got Image ', 350)
('Got Image ', 351)
('Got Image ', 352)
('Got Image ', 353)
('Got Image ', 354)
('Got Image ', 355)
('Got Image ', 356)
('Got Image ', 357)
('Got Image ', 358)
('Got Image ', 359)
('Got Image ', 360)
('Got Image ', 361)
('Got Image ', 362)
('Got Image ', 363)
('Got Image ', 364)
('Got Image ', 365)
('Got Image ', 366)
('Got Image ', 367)
('Got Image ', 368)
('Got Image ', 369)
('Got Image ', 370)
('Got Image ', 371)
('Got Image ', 372)
('Got Image ', 373)
('Got Image ', 374)
('Got Image ', 375)
('Got Image ', 376)
('Got Image ', 377)
('Got Image ', 378)
('Got Image ', 379)
('Got Image ', 380)
('Got Image ', 381)
('Got Image ', 382)
('Got Image ', 383)
('Got Image ', 384)
('Got Image ', 385)
('Got Image ', 386)
('Got Image ', 387)
('Got Image ', 388)
('Got Image ', 389)
('Got Image ', 390)
('Got Image ', 391)
('Got Image ', 392)
('Got Image ', 393)
('Got Image ', 394)
('Got Image ', 395)
('Got Image ', 396)
('Got Image ', 397)
('Got Image ', 398)
('Got Image ', 399)
('Got Image ', 400)
('Got Image ', 401)
('Got Image ', 402)
('Got Image ', 403)
('Got Image ', 404)
('Got Image ', 405)
('Got Image ', 406)
('Got Image ', 407)
('Got Image ', 408)
('Got Image ', 409)
('Got Image ', 410)
('Got Image ', 411)
('Got Image ', 412)
('Got Image ', 413)
('Got Image ', 414)
('Got Image ', 415)
('Got Image ', 416)
('Got Image ', 417)
('Got Image ', 418)
('Got Image ', 419)
('Got Image ', 420)
('Got Image ', 421)
('Got Image ', 422)
('Got Image ', 423)
('Got Image ', 424)
('Got Image ', 425)
('Got Image ', 426)
('Got Image ', 427)
('Got Image ', 428)
('Got Image ', 429)
('Got Image ', 430)
('Got Image ', 431)
('Got Image ', 432)
('Got Image ', 433)
('Got Image ', 434)
('Got Image ', 435)
('Got Image ', 436)
('Got Image ', 437)
('Got Image ', 438)
('Got Image ', 439)
('Got Image ', 440)
('Got Image ', 441)
('Got Image ', 442)
('Got Image ', 443)
('Got Image ', 444)
('Got Image ', 445)
('Got Image ', 446)
('Got Image ', 447)
('Got Image ', 448)
('Got Image ', 449)
('Got Image ', 450)
('Got Image ', 451)
('Got Image ', 452)
('Got Image ', 453)
('Got Image ', 454)
('Got Image ', 455)
('Got Image ', 456)
('Got Image ', 457)
('Got Image ', 458)
('Got Image ', 459)
('Got Image ', 460)
('Got Image ', 461)
('Got Image ', 462)
('Got Image ', 463)
('Got Image ', 464)
('Got Image ', 465)
('Got Image ', 466)
('Got Image ', 467)
('Got Image ', 468)
('Got Image ', 469)
('Got Image ', 470)
('Got Image ', 471)
('Got Image ', 472)
('Got Image ', 473)
('Got Image ', 474)
('Got Image ', 475)
('Got Image ', 476)
('Got Image ', 477)
('Got Image ', 478)
('Got Image ', 479)
('Got Image ', 480)
('Got Image ', 481)
('Got Image ', 482)
('Got Image ', 483)
('Got Image ', 484)
('Got Image ', 485)
('Got Image ', 486)
('Got Image ', 487)
('Got Image ', 488)
('Got Image ', 489)
('Got Image ', 490)
('Got Image ', 491)
('Got Image ', 492)
('Got Image ', 493)
('Got Image ', 494)
('Got Image ', 495)
('Got Image ', 496)
('Got Image ', 497)
('Got Image ', 498)
('Got Image ', 499)
('Got Image ', 500)
('Got Image ', 501)
('Got Image ', 502)
('Got Image ', 503)
('Got Image ', 504)
('Got Image ', 505)
('Got Image ', 506)
('Got Image ', 507)
('Got Image ', 508)
('Got Image ', 509)
('Got Image ', 510)
('Got Image ', 511)
('Got Image ', 512)
('Got Image ', 513)
('Got Image ', 514)
('Got Image ', 515)
('Got Image ', 516)
('Got Image ', 517)
('Got Image ', 518)
('Got Image ', 519)
('Got Image ', 520)
('Got Image ', 521)
('Got Image ', 522)
('Got Image ', 523)
('Got Image ', 524)
('Got Image ', 525)
('Got Image ', 526)
('Got Image ', 527)
('Got Image ', 528)
('Got Image ', 529)
('Got Image ', 530)
('Got Image ', 531)
('Got Image ', 532)
('Got Image ', 533)
('Got Image ', 534)
('Got Image ', 535)
('Got Image ', 536)
('Got Image ', 537)
('Got Image ', 538)
('Got Image ', 539)
('Got Image ', 540)
('Got Image ', 541)
('Got Image ', 542)
('Got Image ', 543)
('Got Image ', 544)
('Got Image ', 545)
('Got Image ', 546)
('Got Image ', 547)
('Got Image ', 548)
('Got Image ', 549)
('Got Image ', 550)
('Got Image ', 551)
('Got Image ', 552)
('Got Image ', 553)
('Got Image ', 554)
('Got Image ', 555)
('Got Image ', 556)
('Got Image ', 557)
('Got Image ', 558)
('Got Image ', 559)
('Got Image ', 560)
('Got Image ', 561)
('Got Image ', 562)
('Got Image ', 563)
('Got Image ', 564)
('Got Image ', 565)
('Got Image ', 566)
('Got Image ', 567)
('Got Image ', 568)
('Got Image ', 569)
('Got Image ', 570)
('Got Image ', 571)
('Got Image ', 572)
('Got Image ', 573)
('Got Image ', 574)
('Got Image ', 575)
('Got Image ', 576)
('Got Image ', 577)
('Got Image ', 578)
('Got Image ', 579)
('Got Image ', 580)
('Got Image ', 581)
('Got Image ', 582)
('Got Image ', 583)
('Got Image ', 584)
('Got Image ', 585)
('Got Image ', 586)
('Got Image ', 587)
('Got Image ', 588)
('Got Image ', 589)
('Got Image ', 590)
('Got Image ', 591)
('Got Image ', 592)
('Got Image ', 593)
('Got Image ', 594)
('Got Image ', 595)
('Got Image ', 596)
('Got Image ', 597)
('Got Image ', 598)
('Got Image ', 599)
('Got Image ', 600)
('Got Image ', 601)
('Got Image ', 602)
('Got Image ', 603)
('Got Image ', 604)
('Got Image ', 605)
('Got Image ', 606)
('Got Image ', 607)
('Got Image ', 608)
('Got Image ', 609)
('Got Image ', 610)
('Got Image ', 611)
('Got Image ', 612)
('Got Image ', 613)
('Got Image ', 614)
('Got Image ', 615)
('Got Image ', 616)
('Got Image ', 617)
('Got Image ', 618)
('Got Image ', 619)
('Got Image ', 620)
('Got Image ', 621)
('Got Image ', 622)
('Got Image ', 623)
('Got Image ', 624)
('Got Image ', 625)
('Got Image ', 626)
('Got Image ', 627)
('Got Image ', 628)
('Got Image ', 629)
('Got Image ', 630)
('Got Image ', 631)
('Got Image ', 632)
('Got Image ', 633)
('Got Image ', 634)
('Got Image ', 635)
('Got Image ', 636)
('Got Image ', 637)
('Got Image ', 638)
('Got Image ', 639)
('Got Image ', 640)
('Got Image ', 641)
('Got Image ', 642)
('Got Image ', 643)
('Got Image ', 644)
('Got Image ', 645)
('Got Image ', 646)
('Got Image ', 647)
('Got Image ', 648)
('Got Image ', 649)
('Got Image ', 650)
('Got Image ', 651)
('Got Image ', 652)
('Got Image ', 653)
('Got Image ', 654)
('Got Image ', 655)
('Got Image ', 656)
('Got Image ', 657)
('Got Image ', 658)
('Got Image ', 659)
('Got Image ', 660)
('Got Image ', 661)
('Got Image ', 662)
('Got Image ', 663)
('Got Image ', 664)
('Got Image ', 665)
('Got Image ', 666)
('Got Image ', 667)
('Got Image ', 668)
('Got Image ', 669)
('Got Image ', 670)
('Got Image ', 671)
('Got Image ', 672)
('Got Image ', 673)
('Got Image ', 674)
('Got Image ', 675)
('Got Image ', 676)
('Got Image ', 677)
('Got Image ', 678)
('Got Image ', 679)
('Got Image ', 680)
('Got Image ', 681)
('Got Image ', 682)
('Got Image ', 683)
('Got Image ', 684)
('Got Image ', 685)
('Got Image ', 686)
('Got Image ', 687)
('Got Image ', 688)
('Got Image ', 689)
('Got Image ', 690)
('Got Image ', 691)
('Got Image ', 692)
('Got Image ', 693)
('Got Image ', 694)
('Got Image ', 695)
('Got Image ', 696)
('Got Image ', 697)
('Got Image ', 698)
('Got Image ', 699)
('Got Image ', 700)
('Got Image ', 701)
('Got Image ', 702)
('Got Image ', 703)
('Got Image ', 704)
('Got Image ', 705)
('Got Image ', 706)
('Got Image ', 707)
('Got Image ', 708)
('Got Image ', 709)
('Got Image ', 710)
('Got Image ', 711)
('Got Image ', 712)
('Got Image ', 713)
('Got Image ', 714)
('Got Image ', 715)
('Got Image ', 716)
('Got Image ', 717)
('Got Image ', 718)
('Got Image ', 719)
('Got Image ', 720)
('Got Image ', 721)
('Got Image ', 722)
('Got Image ', 723)
('Got Image ', 724)
('Got Image ', 725)
('Got Image ', 726)
('Got Image ', 727)
('Got Image ', 728)
('Got Image ', 729)
('Got Image ', 730)
('Got Image ', 731)
('Got Image ', 732)
('Got Image ', 733)
('Got Image ', 734)
('Got Image ', 735)
('Got Image ', 736)
('Got Image ', 737)
('Got Image ', 738)
('Got Image ', 739)
('Got Image ', 740)
('Got Image ', 741)
('Got Image ', 742)
('Got Image ', 743)
('Got Image ', 744)
('Got Image ', 745)
('Got Image ', 746)
('Got Image ', 747)
('Got Image ', 748)
('Got Image ', 749)
('Got Image ', 750)
('Got Image ', 751)
('Got Image ', 752)
('Got Image ', 753)
('Got Image ', 754)
('Got Image ', 755)
('Got Image ', 756)
('Got Image ', 757)
('Got Image ', 758)
('Got Image ', 759)
('Got Image ', 760)
('Got Image ', 761)
('Got Image ', 762)
('Got Image ', 763)
('Got Image ', 764)
('Got Image ', 765)
('Got Image ', 766)
('Got Image ', 767)
('Got Image ', 768)
('Got Image ', 769)
('Got Image ', 770)
('Got Image ', 771)
('Got Image ', 772)
('Got Image ', 773)
('Got Image ', 774)
('Got Image ', 775)
('Got Image ', 776)
('Got Image ', 777)
('Got Image ', 778)
('Got Image ', 779)
('Got Image ', 780)
('Got Image ', 781)
('Got Image ', 782)
('Got Image ', 783)
('Got Image ', 784)
('Got Image ', 785)
('Got Image ', 786)
('Got Image ', 787)
('Got Image ', 788)
('Got Image ', 789)
('Got Image ', 790)
('Got Image ', 791)
('Got Image ', 792)
('Got Image ', 793)
('Got Image ', 794)
('Got Image ', 795)
('Got Image ', 796)
('Got Image ', 797)
('Got Image ', 798)
('Got Image ', 799)
('Got Image ', 800)
('Got Image ', 801)
('Got Image ', 802)
('Got Image ', 803)
('Got Image ', 804)
('Got Image ', 805)
('Got Image ', 806)
('Got Image ', 807)
('Got Image ', 808)
('Got Image ', 809)
('Got Image ', 810)
('Got Image ', 811)
('Got Image ', 812)
('Got Image ', 813)
('Got Image ', 814)
('Got Image ', 815)
('Got Image ', 816)
('Got Image ', 817)
('Got Image ', 818)
('Got Image ', 819)
('Got Image ', 820)
('Got Image ', 821)
('Got Image ', 822)
('Got Image ', 823)
('Got Image ', 824)
('Got Image ', 825)
('Got Image ', 826)
('Got Image ', 827)
('Got Image ', 828)
('Got Image ', 829)
('Got Image ', 830)
('Got Image ', 831)
('Got Image ', 832)
('Got Image ', 833)
('Got Image ', 834)
('Got Image ', 835)
('Got Image ', 836)
('Got Image ', 837)
('Got Image ', 838)
('Got Image ', 839)
('Got Image ', 840)
('Got Image ', 841)
('Got Image ', 842)
('Got Image ', 843)
('Got Image ', 844)
('Got Image ', 845)
('Got Image ', 846)
('Got Image ', 847)
('Got Image ', 848)
('Got Image ', 849)
('Got Image ', 850)
('Got Image ', 851)
('Got Image ', 852)
('Got Image ', 853)
('Got Image ', 854)
('Got Image ', 855)
('Got Image ', 856)
('Got Image ', 857)
('Got Image ', 858)
('Got Image ', 859)
('Got Image ', 860)
('Got Image ', 861)
('Got Image ', 862)
('Got Image ', 863)
('Got Image ', 864)
('Got Image ', 865)
('Got Image ', 866)
('Got Image ', 867)
('Got Image ', 868)
('Got Image ', 869)
('Got Image ', 870)
('Got Image ', 871)
('Got Image ', 872)
('Got Image ', 873)
('Got Image ', 874)
('Got Image ', 875)
('Got Image ', 876)
('Got Image ', 877)
('Got Image ', 878)
('Got Image ', 879)
('Got Image ', 880)
('Got Image ', 881)
('Got Image ', 882)
('Got Image ', 883)
('Got Image ', 884)
('Got Image ', 885)
('Got Image ', 886)
('Got Image ', 887)
('Got Image ', 888)
('Got Image ', 889)
('Got Image ', 890)
('Got Image ', 891)
('Got Image ', 892)
('Got Image ', 893)
('Got Image ', 894)
('Got Image ', 895)
('Got Image ', 896)
('Got Image ', 897)
('Got Image ', 898)
('Got Image ', 899)
('Got Image ', 900)
('Got Image ', 901)
('Got Image ', 902)
('Got Image ', 903)
('Got Image ', 904)
('Got Image ', 905)
('Got Image ', 906)
('Got Image ', 907)
('Got Image ', 908)
('Got Image ', 909)
('Got Image ', 910)
('Got Image ', 911)
('Got Image ', 912)
('Got Image ', 913)
('Got Image ', 914)
('Got Image ', 915)
('Got Image ', 916)
('Got Image ', 917)
('Got Image ', 918)
('Got Image ', 919)
('Got Image ', 920)
('Got Image ', 921)
('Got Image ', 922)
('Got Image ', 923)
('Got Image ', 924)
('Got Image ', 925)
('Got Image ', 926)
('Got Image ', 927)
('Got Image ', 928)
('Got Image ', 929)
('Got Image ', 930)
('Got Image ', 931)
('Got Image ', 932)
('Got Image ', 933)
('Got Image ', 934)
('Got Image ', 935)
('Got Image ', 936)
('Got Image ', 937)
('Got Image ', 938)
('Got Image ', 939)
('Got Image ', 940)
('Got Image ', 941)
('Got Image ', 942)
('Got Image ', 943)
('Got Image ', 944)
('Got Image ', 945)
('Got Image ', 946)
('Got Image ', 947)
('Got Image ', 948)
('Got Image ', 949)
('Got Image ', 950)
('Got Image ', 951)
('Got Image ', 952)
('Got Image ', 953)
('Got Image ', 954)
('Got Image ', 955)
('Got Image ', 956)
('Got Image ', 957)
('Got Image ', 958)
('Got Image ', 959)
('Got Image ', 960)
('Got Image ', 961)
('Got Image ', 962)
('Got Image ', 963)
('Got Image ', 964)
('Got Image ', 965)
('Got Image ', 966)
('Got Image ', 967)
('Got Image ', 968)
('Got Image ', 969)
('Got Image ', 970)
('Got Image ', 971)
('Got Image ', 972)
('Got Image ', 973)
('Got Image ', 974)
('Got Image ', 975)
('Got Image ', 976)
('Got Image ', 977)
('Got Image ', 978)
('Got Image ', 979)
('Got Image ', 980)
('Got Image ', 981)
('Got Image ', 982)
('Got Image ', 983)
('Got Image ', 984)
('Got Image ', 985)
('Got Image ', 986)
('Got Image ', 987)
('Got Image ', 988)
('Got Image ', 989)
('Got Image ', 990)
('Got Image ', 991)
('Got Image ', 992)
('Got Image ', 993)
('Got Image ', 994)
('Got Image ', 995)
('Got Image ', 996)
('Got Image ', 997)
('Got Image ', 998)
('Got Image ', 999)
('Got Image ', 1000)
('Got Image ', 1001)
('Got Image ', 1002)
('Got Image ', 1003)
('Got Image ', 1004)
('Got Image ', 1005)
('Got Image ', 1006)
('Got Image ', 1007)
('Got Image ', 1008)
('Got Image ', 1009)
('Got Image ', 1010)
('Got Image ', 1011)
('Got Image ', 1012)
('Got Image ', 1013)
('Got Image ', 1014)
('Got Image ', 1015)
('Got Image ', 1016)
('Got Image ', 1017)
('Got Image ', 1018)
('Got Image ', 1019)
('Got Image ', 1020)
('Got Image ', 1021)
('Got Image ', 1022)
('Got Image ', 1023)
('Got Image ', 1024)
('Got Image ', 1025)
('Got Image ', 1026)
('Got Image ', 1027)
('Got Image ', 1028)
('Got Image ', 1029)
('Got Image ', 1030)
('Got Image ', 1031)
('Got Image ', 1032)
('Got Image ', 1033)
('Got Image ', 1034)
('Got Image ', 1035)
('Got Image ', 1036)
('Got Image ', 1037)
('Got Image ', 1038)
('Got Image ', 1039)
('Got Image ', 1040)
('Got Image ', 1041)
('Got Image ', 1042)
('Got Image ', 1043)
('Got Image ', 1044)
('Got Image ', 1045)
('Got Image ', 1046)
('Got Image ', 1047)
('Got Image ', 1048)
('Got Image ', 1049)
('Got Image ', 1050)
('Got Image ', 1051)
('Got Image ', 1052)
('Got Image ', 1053)
('Got Image ', 1054)
('Got Image ', 1055)
('Got Image ', 1056)
('Got Image ', 1057)
('Got Image ', 1058)
('Got Image ', 1059)
('Got Image ', 1060)
('Got Image ', 1061)
('Got Image ', 1062)
('Got Image ', 1063)
('Got Image ', 1064)
('Got Image ', 1065)
('Got Image ', 1066)
('Got Image ', 1067)
('Got Image ', 1068)
('Got Image ', 1069)
('Got Image ', 1070)
('Got Image ', 1071)
('Got Image ', 1072)
('Got Image ', 1073)
('Got Image ', 1074)
('Got Image ', 1075)
('Got Image ', 1076)
('Got Image ', 1077)
('Got Image ', 1078)
('Got Image ', 1079)
('Got Image ', 1080)
('Got Image ', 1081)
('Got Image ', 1082)
('Got Image ', 1083)
('Got Image ', 1084)
('Got Image ', 1085)
('Got Image ', 1086)
('Got Image ', 1087)
('Got Image ', 1088)
('Got Image ', 1089)
('Got Image ', 1090)
('Got Image ', 1091)
('Got Image ', 1092)
('Got Image ', 1093)
('Got Image ', 1094)
('Got Image ', 1095)
('Got Image ', 1096)
('Got Image ', 1097)
('Got Image ', 1098)
('Got Image ', 1099)
('Got Image ', 1100)
('Got Image ', 1101)
('Got Image ', 1102)
('Got Image ', 1103)
('Got Image ', 1104)
('Got Image ', 1105)
('Got Image ', 1106)
('Got Image ', 1107)
('Got Image ', 1108)
('Got Image ', 1109)
('Got Image ', 1110)
('Got Image ', 1111)
('Got Image ', 1112)
('Got Image ', 1113)
('Got Image ', 1114)
('Got Image ', 1115)
('Got Image ', 1116)
('Got Image ', 1117)
('Got Image ', 1118)
('Got Image ', 1119)
('Got Image ', 1120)
('Got Image ', 1121)
('Got Image ', 1122)
('Got Image ', 1123)
('Got Image ', 1124)
('Got Image ', 1125)
('Got Image ', 1126)
('Got Image ', 1127)
('Got Image ', 1128)
('Got Image ', 1129)
('Got Image ', 1130)
('Got Image ', 1131)
('Got Image ', 1132)
('Got Image ', 1133)
('Got Image ', 1134)
('Got Image ', 1135)
('Got Image ', 1136)
('Got Image ', 1137)
('Got Image ', 1138)
('Got Image ', 1139)
('Got Image ', 1140)
('Got Image ', 1141)
('Got Image ', 1142)
('Got Image ', 1143)
('Got Image ', 1144)
('Got Image ', 1145)
('Got Image ', 1146)
('Got Image ', 1147)
('Got Image ', 1148)
('Got Image ', 1149)
('Got Image ', 1150)
('Got Image ', 1151)
('Got Image ', 1152)
('Got Image ', 1153)
('Got Image ', 1154)
('Got Image ', 1155)
('Got Image ', 1156)
('Got Image ', 1157)
('Got Image ', 1158)
('Got Image ', 1159)
('Got Image ', 1160)
('Got Image ', 1161)
('Got Image ', 1162)
('Got Image ', 1163)
('Got Image ', 1164)
('Got Image ', 1165)
('Got Image ', 1166)
('Got Image ', 1167)
('Got Image ', 1168)
('Got Image ', 1169)
('Got Image ', 1170)
('Got Image ', 1171)
('Got Image ', 1172)
('Got Image ', 1173)
('Got Image ', 1174)
('Got Image ', 1175)
('Got Image ', 1176)
('Got Image ', 1177)
('Got Image ', 1178)
('Got Image ', 1179)
('Got Image ', 1180)
('Got Image ', 1181)
('Got Image ', 1182)
('Got Image ', 1183)
('Got Image ', 1184)
('Got Image ', 1185)
('Got Image ', 1186)
('Got Image ', 1187)
('Got Image ', 1188)
('Got Image ', 1189)
('Got Image ', 1190)
('Got Image ', 1191)
('Got Image ', 1192)
('Got Image ', 1193)
('Got Image ', 1194)
('Got Image ', 1195)
('Got Image ', 1196)
('Got Image ', 1197)
('Got Image ', 1198)
('Got Image ', 1199)
('Got Image ', 1200)
('Got Image ', 1201)
('Got Image ', 1202)
('Got Image ', 1203)
('Got Image ', 1204)
('Got Image ', 1205)
('Got Image ', 1206)
('Got Image ', 1207)
('Got Image ', 1208)
('Got Image ', 1209)
('Got Image ', 1210)
('Got Image ', 1211)
('Got Image ', 1212)
('Got Image ', 1213)
('Got Image ', 1214)
('Got Image ', 1215)
('Got Image ', 1216)
('Got Image ', 1217)
('Got Image ', 1218)
('Got Image ', 1219)
('Got Image ', 1220)
('Got Image ', 1221)
('Got Image ', 1222)
('Got Image ', 1223)
('Got Image ', 1224)
('Got Image ', 1225)
('Got Image ', 1226)
('Got Image ', 1227)
('Got Image ', 1228)
('Got Image ', 1229)
('Got Image ', 1230)
('Got Image ', 1231)
('Got Image ', 1232)
('Got Image ', 1233)
('Got Image ', 1234)
('Got Image ', 1235)
('Got Image ', 1236)
('Got Image ', 1237)
('Got Image ', 1238)
('Got Image ', 1239)
('Got Image ', 1240)
('Got Image ', 1241)
('Got Image ', 1242)
('Got Image ', 1243)
('Got Image ', 1244)
('Got Image ', 1245)
('Got Image ', 1246)
('Got Image ', 1247)
('Got Image ', 1248)
('Got Image ', 1249)
('Got Image ', 1250)
('Got Image ', 1251)
('Got Image ', 1252)
('Got Image ', 1253)
('Got Image ', 1254)
('Got Image ', 1255)
('Got Image ', 1256)
('Got Image ', 1257)
('Got Image ', 1258)
('Got Image ', 1259)
('Got Image ', 1260)
('Got Image ', 1261)
('Got Image ', 1262)
('Got Image ', 1263)
('Got Image ', 1264)
('Got Image ', 1265)
('Got Image ', 1266)
('Got Image ', 1267)
('Got Image ', 1268)
('Got Image ', 1269)
('Got Image ', 1270)
('Got Image ', 1271)
('Got Image ', 1272)
('Got Image ', 1273)
('Got Image ', 1274)
('Got Image ', 1275)
('Got Image ', 1276)
('Got Image ', 1277)
('Got Image ', 1278)
('Got Image ', 1279)
('Got Image ', 1280)
('Got Image ', 1281)
('Got Image ', 1282)
('Got Image ', 1283)
('Got Image ', 1284)
('Got Image ', 1285)
('Got Image ', 1286)
('Got Image ', 1287)
('Got Image ', 1288)
('Got Image ', 1289)
('Got Image ', 1290)
('Got Image ', 1291)
('Got Image ', 1292)
('Got Image ', 1293)
('Got Image ', 1294)
('Got Image ', 1295)
('Got Image ', 1296)
('Got Image ', 1297)
('Got Image ', 1298)
('Got Image ', 1299)
('Got Image ', 1300)
('Got Image ', 1301)
('Got Image ', 1302)
('Got Image ', 1303)
('Got Image ', 1304)
('Got Image ', 1305)
('Got Image ', 1306)
('Got Image ', 1307)
('Got Image ', 1308)
('Got Image ', 1309)
('Got Image ', 1310)
('Got Image ', 1311)
('Got Image ', 1312)
('Got Image ', 1313)
('Got Image ', 1314)
('Got Image ', 1315)
('Got Image ', 1316)
('Got Image ', 1317)
('Got Image ', 1318)
('Got Image ', 1319)
('Got Image ', 1320)
('Got Image ', 1321)
('Got Image ', 1322)
('Got Image ', 1323)
('Got Image ', 1324)
('Got Image ', 1325)
('Got Image ', 1326)
('Got Image ', 1327)
('Got Image ', 1328)
('Got Image ', 1329)
('Got Image ', 1330)
('Got Image ', 1331)
('Got Image ', 1332)
('Got Image ', 1333)
('Got Image ', 1334)
('Got Image ', 1335)
('Got Image ', 1336)
('Got Image ', 1337)
('Got Image ', 1338)
('Got Image ', 1339)
('Got Image ', 1340)
('Got Image ', 1341)
('Got Image ', 1342)
('Got Image ', 1343)
('Got Image ', 1344)
('Got Image ', 1345)
('Got Image ', 1346)
('Got Image ', 1347)
('Got Image ', 1348)
('Got Image ', 1349)
('Got Image ', 1350)
('Got Image ', 1351)
('Got Image ', 1352)
('Got Image ', 1353)
('Got Image ', 1354)
('Got Image ', 1355)
('Got Image ', 1356)
('Got Image ', 1357)
('Got Image ', 1358)
('Got Image ', 1359)
('Got Image ', 1360)
('Got Image ', 1361)
('Got Image ', 1362)
('Got Image ', 1363)
('Got Image ', 1364)
('Got Image ', 1365)
('Got Image ', 1366)
('Got Image ', 1367)
('Got Image ', 1368)
('Got Image ', 1369)
('Got Image ', 1370)
('Got Image ', 1371)
('Got Image ', 1372)
('Got Image ', 1373)
('Got Image ', 1374)
('Got Image ', 1375)
('Got Image ', 1376)
('Got Image ', 1377)
('Got Image ', 1378)
('Got Image ', 1379)
('Got Image ', 1380)
('Got Image ', 1381)
('Got Image ', 1382)
('Got Image ', 1383)
('Got Image ', 1384)
('Got Image ', 1385)
('Got Image ', 1386)
('Got Image ', 1387)
('Got Image ', 1388)
('Got Image ', 1389)
('Got Image ', 1390)
('Got Image ', 1391)
('Got Image ', 1392)
('Got Image ', 1393)
('Got Image ', 1394)
('Got Image ', 1395)
('Got Image ', 1396)
('Got Image ', 1397)
('Got Image ', 1398)
('Got Image ', 1399)
('Got Image ', 1400)
('Got Image ', 1401)
('Got Image ', 1402)
('Got Image ', 1403)
('Got Image ', 1404)
('Got Image ', 1405)
('Got Image ', 1406)
('Got Image ', 1407)
('Got Image ', 1408)
('Got Image ', 1409)
('Got Image ', 1410)
('Got Image ', 1411)
('Got Image ', 1412)
('Got Image ', 1413)
('Got Image ', 1414)
('Got Image ', 1415)
('Got Image ', 1416)
('Got Image ', 1417)
('Go